Age: 30
Name: Tommy
Education: Freising Grundschule, Freising Gymnasium, Melbourne Hacker Academy, Lissabon University for Star Wars Fans